---
source: tests/golden_tests.rs
input_file: tests/golden_tests/compile_file/scrutinee_reconstruction.hvm
---
@None = {2 * {2 a a}}
@Option.or = ({3 a {2 @Option.or$match$1$PSome {2 @Option.or$match$1$R1 (a b)}}} b)
@Option.or$match$1$PSome = {4 * @Option.or$match$1$R0$S0}
@Option.or$match$1$R0$S0 = (a (* a))
@Option.or$match$1$R1 = (* (a a))
@Some = (a {2 {4 a b} {2 * b}})
@main = a
& @Option.or ~ (b (@None a))
& @Some ~ (#5 b)

