---
source: tests/golden_tests.rs
input_file: tests/golden_tests/compile_file/match_num_all_patterns.hvm
---
Warnings:
In definition 'succ_var':
  Definition is unused.
In definition 'succ_var_zero':
  Definition is unused.
In definition 'succ_zero':
  Definition is unused.
In definition 'succ_zero_succ':
  Definition is unused.
In definition 'succ_zero_var':
  Definition is unused.
In definition 'var_succ':
  Definition is unused.
In definition 'var_zero':
  Definition is unused.
In definition 'zero_succ':
  Definition is unused.
In definition 'zero_succ_var':
  Definition is unused.
In definition 'zero_var':
  Definition is unused.
In definition 'zero_var_succ':
  Definition is unused.

@a = (?<(#0 (a a)) b> b)
@b = (<+ #1 <- #1 a>> a)
@c = (<+ #1 <- #1 a>> a)
@d = (<+ #2 a> a)
@main = #0
@succ_var = (?<(#0 (a a)) b> b)
@succ_var_z = (?<(a @d) b> b)
& #0 ~ <+ #1 a>
@succ_zero = (?<(#0 (a a)) b> b)
@succ_zero_ = (?<(#0 (a a)) b> b)
@var_succ = (a a)
@var_zero = (a a)
@zero_succ = (?<(#0 (a a)) b> b)
@zero_succ_ = (?<(#0 (a a)) b> b)
@zero_var = (?<(#0 @c) a> a)
@zero_var_s = (?<(#0 @b) a> a)
