---
source: tests/golden_tests.rs
input_file: tests/golden_tests/compile_file/nested_adt_match.hvm
---
@Some = (a {2 {4 a b} {2 * b}})
@main = a
& @main$match$1 ~ (b a)
& @Some ~ (c b)
& @Some ~ (#1 c)
@main$match$1 = ({2 @main$match$1$PSome {2 @main$match$1$R0 a}} a)
@main$match$1$F0$PSome = {4 a a}
@main$match$1$F0$R0 = #0
@main$match$1$PSome = {4 {2 @main$match$1$F0$PSome {2 @main$match$1$F0$R0 a}} a}
@main$match$1$R0 = #0

