---
source: tests/golden_tests.rs
input_file: tests/golden_tests/compile_file_o_all/list_merge_sort.hvm
---
@Cons = (a (b {4 {4 a {4 b c}} {4 * c}}))
@Map = ({4 @h {4 @a a}} a)
@Nil = {4 * {4 a a}}
@Pure = (a {4 {4 a {4 @Nil b}} {4 * b}})
@Unpack = (a ({4 @b {4 @a (a b)}} b))
@a = (* @Nil)
@b = {4 a {4 {4 @d {4 @c (b (a c))}} (b c)}}
@c = (* (a a))
@d = {4 a {4 {4 @e {4 @a (b {4 @d {4 @c (c (d e))}})}} ({3 c {17 f b}} ({4 @l {4 @m (f (a d))}} e))}}
@e = {4 a {4 {4 @n {4 @i (b (a c))}} (b c)}}
@f = (a (* a))
@g = (* (a a))
@h = {4 a {4 {4 @h {4 @a (b c)}} ({5 (a d) b} {4 {4 d {4 c e}} {4 * e}})}}
@i = (* @o)
@j = {4 {7 a {7 b c}} {4 {9 d {4 @j {4 @k (e (f (g h)))}}} ({11 (i (a {2 @f {2 @g ({4 {4 j {4 k l}} {4 * l}} ({4 {4 c {4 h m}} {4 * m}} n))}})) {11 o e}} ({13 i {13 j f}} ({15 {4 @l {4 @m (o ({4 {4 b {4 d p}} {4 * p}} k))}} g} n)))}}
@k = (* @Cons)
@l = {4 a {4 b (c ({4 @j {4 @k (c (a (b d)))}} d))}}
@m = (* (a a))
@main = (a (b c))
& @Unpack ~ (a (d c))
& @Map ~ (b (@Pure d))
@n = {4 a {4 {4 @e {4 @a (b c)}} ({17 d b} ({4 @l {4 @m (d (a e))}} {4 {4 e {4 c f}} {4 * f}}))}}
@o = (a {4 {4 a {4 @Nil b}} {4 * b}})
