---
source: tests/golden_tests.rs
input_file: tests/golden_tests/compile_file/expr.hvm
---
@App = (a (b {2 * {2 * {2 {6 a {4 b c}} {2 * {2 * {2 * {2 * {2 * {2 * c}}}}}}}}}))
@Dup = (a (b (c (d {2 * {2 * {2 * {2 * {2 * {2 * {2 {14 a {12 b {10 c {8 d e}}}} {2 * {2 * e}}}}}}}}}))))
@Let = (a (b (c {2 * {2 * {2 * {2 * {2 * {2 {20 a {18 b {16 c d}}} {2 * {2 * {2 * d}}}}}}}}})))
@Mul = {22 * @Mul$S1}
@Mul$S0 = {22 a {22 * a}}
@Mul$S1 = {22 * @Mul$S0}
@Num = (a {2 * {2 {24 a b} {2 * {2 * {2 * {2 * {2 * {2 * {2 * b}}}}}}}}})
@Op2 = (a (b (c {2 * {2 * {2 * {2 * {2 * {2 * {2 * {2 * {2 {30 a {28 b {26 c d}}} d}}}}}}}}})))
@Sub = {22 * @Sub$S0}
@Sub$S0 = {22 a {22 * {22 * a}}}
@Var = (a {2 {32 a b} {2 * {2 * {2 * {2 * {2 * {2 * {2 * {2 * b}}}}}}}}})
@main = a
& @Let ~ (b (c (d a)))
& @Dup ~ (e (f (g (h d))))
& @App ~ (i (j h))
& @Var ~ (#2 j)
& @Var ~ (#1 i)
& @Var ~ (#0 g)
& @Var ~ (#2 f)
& @Var ~ (#1 e)
& @Op2 ~ (@Mul (k c))
& @Op2 ~ (@Sub (l (m (n k))))
& @Num ~ (#3 n)
& @Num ~ (#1 m)
& @Num ~ (#2 l)
& @Var ~ (#0 b)

