---
source: tests/golden_tests.rs
input_file: tests/golden_tests/compile_file/sum_predicates.hvm
---
@main = a
& @sum_pred$match$3 ~ (#8 (#5 a))
@sum_pred$match$1 = (?<(@sum_pred$match$1$R0 @sum_pred$match$1$R1) a> a)
@sum_pred$match$1$R0 = #0
@sum_pred$match$1$R1 = (a a)
@sum_pred$match$2$R0 = (a a)
@sum_pred$match$2$R1 = (a (<+ a b> b))
@sum_pred$match$3 = (?<(@sum_pred$match$1 @sum_pred$match$3$R1) a> a)
@sum_pred$match$3$R1 = (a (?<(@sum_pred$match$2$R0 @sum_pred$match$2$R1) (a b)> b))

