---
source: tests/golden_tests.rs
input_file: tests/golden_tests/encode_pattern_match/common.hvm
---
(Cons) = λx λxs #List λCons #List λNil #List.Cons.xs (#List.Cons.x (Cons x) xs)

(East) = #Direction λNorth #Direction λSouth #Direction λEast #Direction λWest East

(Empty) = #Box λFilled #Box λEmpty Empty

(Err) = λb #Result λOk #Result λErr #Result.Err.b (Err b)

(False) = #Bool λTrue #Bool λFalse False

(Filled) = λvalue #Box λFilled #Box λEmpty #Box.Filled.value (Filled value)

(Green) = #Light λRed #Light λYellow #Light λGreen Green

(Nil) = #List λCons #List λNil Nil

(None) = #Option λSome #Option λNone None

(North) = #Direction λNorth #Direction λSouth #Direction λEast #Direction λWest North

(Ok) = λa #Result λOk #Result λErr #Result.Ok.a (Ok a)

(Red) = #Light λRed #Light λYellow #Light λGreen Red

(SCons) = λhead λtail #String λSCons #String λSNil #String.SCons.tail (#String.SCons.head (SCons head) tail)

(SNil) = #String λSCons #String λSNil SNil

(Some) = λx #Option λSome #Option λNone #Option.Some.x (Some x)

(South) = #Direction λNorth #Direction λSouth #Direction λEast #Direction λWest South

(True) = #Bool λTrue #Bool λFalse True

(West) = #Direction λNorth #Direction λSouth #Direction λEast #Direction λWest West

(Yellow) = #Light λRed #Light λYellow #Light λGreen Yellow
